21:47:08 **** Incremental Build of configuration Debug for project Practica04.2_nucleof430 ****
make -j4 all 
arm-none-eabi-gcc "../Src/main.c" -mcpu=cortex-m4 -std=gnu11 -g3 -DDEBUG -DSTM32 -DSTM32F429ZITx -DSTM32F4 -DNUCLEO_F429ZI -DUSE_HAL_DRIVER -DSTM32F429xx -c -I../Inc -I"/mnt/Disco_D/UBA_CESE/CURSOS/03_PdM/GitHub_Cods/PdM_workspace/Practica04.2_nucleof430/Drivers/STM32F4xx_HAL_Driver/Inc" -I"/mnt/Disco_D/UBA_CESE/CURSOS/03_PdM/GitHub_Cods/PdM_workspace/Practica04.2_nucleof430/Drivers/CMSIS/Include" -I"/mnt/Disco_D/UBA_CESE/CURSOS/03_PdM/GitHub_Cods/PdM_workspace/Practica04.2_nucleof430/Drivers/CMSIS/Device/ST/STM32F4xx/Include" -I"/mnt/Disco_D/UBA_CESE/CURSOS/03_PdM/GitHub_Cods/PdM_workspace/Practica04.2_nucleof430/Drivers/BSP/STM32F4xx_Nucleo_144" -I"/mnt/Disco_D/UBA_CESE/CURSOS/03_PdM/GitHub_Cods/PdM_workspace/Practica04.2_nucleof430/Drivers/Core/Inc" -I"/mnt/Disco_D/UBA_CESE/CURSOS/03_PdM/GitHub_Cods/PdM_workspace/Practica04.2_nucleof430/Drivers/API/Inc" -O0 -ffunction-sections -fdata-sections -Wall -fstack-usage -MMD -MP -MF"Src/main.d" -MT"Src/main.o" --specs=nano.specs -mfpu=fpv4-sp-d16 -mfloat-abi=hard -mthumb -o "Src/main.o"
In file included from ../Inc/main.h:30,
                 from ../Src/main.c:22:
/mnt/Disco_D/UBA_CESE/CURSOS/03_PdM/GitHub_Cods/PdM_workspace/Practica04.2_nucleof430/Drivers/API/Inc/API_debounce.h:15:13: warning: 'buttonPressed' declared 'static' but never defined [-Wunused-function]
   15 | static void buttonPressed();   // debe togglear el LED1
      |             ^~~~~~~~~~~~~
arm-none-eabi-gcc -o "Practica04.2_nucleof430.elf" @"objects.list"   -mcpu=cortex-m4 -T"/mnt/Disco_D/UBA_CESE/CURSOS/03_PdM/GitHub_Cods/PdM_workspace/Practica04.2_nucleof430/STM32F429ZITX_FLASH.ld" --specs=nosys.specs -Wl,-Map="Practica04.2_nucleof430.map" -Wl,--gc-sections -static --specs=nano.specs -mfpu=fpv4-sp-d16 -mfloat-abi=hard -mthumb -Wl,--start-group -lc -lm -Wl,--end-group
Finished building target: Practica04.2_nucleof430.elf
 
arm-none-eabi-size   Practica04.2_nucleof430.elf 
arm-none-eabi-objdump -h -S  Practica04.2_nucleof430.elf  > "Practica04.2_nucleof430.list"
   text	   data	    bss	    dec	    hex	filename
   7216	     44	   1604	   8864	   22a0	Practica04.2_nucleof430.elf
Finished building: default.size.stdout
 
Finished building: Practica04.2_nucleof430.list
 

21:47:11 Build Finished. 0 errors, 1 warnings. (took 2s.650ms)

