21:06:29 **** Build of configuration Debug for project Practica05_f429 ****
make -j4 all 
arm-none-eabi-gcc "../Src/main.c" -mcpu=cortex-m4 -std=gnu11 -g3 -DDEBUG -DSTM32 -DSTM32F429ZITx -DSTM32F4 -DNUCLEO_F429ZI -DUSE_HAL_DRIVER -DSTM32F429xx -c -I../Inc -I"/mnt/Disco_D/UBA_CESE/CURSOS/03_PdM/GitHub_Cods/PdM_workspace/Practica05_f429/Drivers/STM32F4xx_HAL_Driver/Inc" -I"/mnt/Disco_D/UBA_CESE/CURSOS/03_PdM/GitHub_Cods/PdM_workspace/Practica05_f429/Drivers/CMSIS/Include" -I"/mnt/Disco_D/UBA_CESE/CURSOS/03_PdM/GitHub_Cods/PdM_workspace/Practica05_f429/Drivers/CMSIS/Device/ST/STM32F4xx/Include" -I"/mnt/Disco_D/UBA_CESE/CURSOS/03_PdM/GitHub_Cods/PdM_workspace/Practica05_f429/Drivers/BSP/STM32F4xx_Nucleo_144" -I"/mnt/Disco_D/UBA_CESE/CURSOS/03_PdM/GitHub_Cods/PdM_workspace/Practica05_f429/Drivers/Core/Inc" -I"/mnt/Disco_D/UBA_CESE/CURSOS/03_PdM/GitHub_Cods/PdM_workspace/Practica05_f429/Drivers/API/Inc" -O0 -ffunction-sections -fdata-sections -Wall -fstack-usage -MMD -MP -MF"Src/main.d" -MT"Src/main.o" --specs=nano.specs -mfpu=fpv4-sp-d16 -mfloat-abi=hard -mthumb -o "Src/main.o"
arm-none-eabi-gcc "../Drivers/API/Src/API_debounce.c" -mcpu=cortex-m4 -std=gnu11 -g3 -DDEBUG -DSTM32 -DSTM32F429ZITx -DSTM32F4 -DNUCLEO_F429ZI -DUSE_HAL_DRIVER -DSTM32F429xx -c -I../Inc -I"/mnt/Disco_D/UBA_CESE/CURSOS/03_PdM/GitHub_Cods/PdM_workspace/Practica05_f429/Drivers/STM32F4xx_HAL_Driver/Inc" -I"/mnt/Disco_D/UBA_CESE/CURSOS/03_PdM/GitHub_Cods/PdM_workspace/Practica05_f429/Drivers/CMSIS/Include" -I"/mnt/Disco_D/UBA_CESE/CURSOS/03_PdM/GitHub_Cods/PdM_workspace/Practica05_f429/Drivers/CMSIS/Device/ST/STM32F4xx/Include" -I"/mnt/Disco_D/UBA_CESE/CURSOS/03_PdM/GitHub_Cods/PdM_workspace/Practica05_f429/Drivers/BSP/STM32F4xx_Nucleo_144" -I"/mnt/Disco_D/UBA_CESE/CURSOS/03_PdM/GitHub_Cods/PdM_workspace/Practica05_f429/Drivers/Core/Inc" -I"/mnt/Disco_D/UBA_CESE/CURSOS/03_PdM/GitHub_Cods/PdM_workspace/Practica05_f429/Drivers/API/Inc" -O0 -ffunction-sections -fdata-sections -Wall -fstack-usage -MMD -MP -MF"Drivers/API/Src/API_debounce.d" -MT"Drivers/API/Src/API_debounce.o" --specs=nano.specs -mfpu=fpv4-sp-d16 -mfloat-abi=hard -mthumb -o "Drivers/API/Src/API_debounce.o"
arm-none-eabi-gcc "../Drivers/API/Src/API_delay.c" -mcpu=cortex-m4 -std=gnu11 -g3 -DDEBUG -DSTM32 -DSTM32F429ZITx -DSTM32F4 -DNUCLEO_F429ZI -DUSE_HAL_DRIVER -DSTM32F429xx -c -I../Inc -I"/mnt/Disco_D/UBA_CESE/CURSOS/03_PdM/GitHub_Cods/PdM_workspace/Practica05_f429/Drivers/STM32F4xx_HAL_Driver/Inc" -I"/mnt/Disco_D/UBA_CESE/CURSOS/03_PdM/GitHub_Cods/PdM_workspace/Practica05_f429/Drivers/CMSIS/Include" -I"/mnt/Disco_D/UBA_CESE/CURSOS/03_PdM/GitHub_Cods/PdM_workspace/Practica05_f429/Drivers/CMSIS/Device/ST/STM32F4xx/Include" -I"/mnt/Disco_D/UBA_CESE/CURSOS/03_PdM/GitHub_Cods/PdM_workspace/Practica05_f429/Drivers/BSP/STM32F4xx_Nucleo_144" -I"/mnt/Disco_D/UBA_CESE/CURSOS/03_PdM/GitHub_Cods/PdM_workspace/Practica05_f429/Drivers/Core/Inc" -I"/mnt/Disco_D/UBA_CESE/CURSOS/03_PdM/GitHub_Cods/PdM_workspace/Practica05_f429/Drivers/API/Inc" -O0 -ffunction-sections -fdata-sections -Wall -fstack-usage -MMD -MP -MF"Drivers/API/Src/API_delay.d" -MT"Drivers/API/Src/API_delay.o" --specs=nano.specs -mfpu=fpv4-sp-d16 -mfloat-abi=hard -mthumb -o "Drivers/API/Src/API_delay.o"
arm-none-eabi-gcc "../Drivers/API/Src/API_uart.c" -mcpu=cortex-m4 -std=gnu11 -g3 -DDEBUG -DSTM32 -DSTM32F429ZITx -DSTM32F4 -DNUCLEO_F429ZI -DUSE_HAL_DRIVER -DSTM32F429xx -c -I../Inc -I"/mnt/Disco_D/UBA_CESE/CURSOS/03_PdM/GitHub_Cods/PdM_workspace/Practica05_f429/Drivers/STM32F4xx_HAL_Driver/Inc" -I"/mnt/Disco_D/UBA_CESE/CURSOS/03_PdM/GitHub_Cods/PdM_workspace/Practica05_f429/Drivers/CMSIS/Include" -I"/mnt/Disco_D/UBA_CESE/CURSOS/03_PdM/GitHub_Cods/PdM_workspace/Practica05_f429/Drivers/CMSIS/Device/ST/STM32F4xx/Include" -I"/mnt/Disco_D/UBA_CESE/CURSOS/03_PdM/GitHub_Cods/PdM_workspace/Practica05_f429/Drivers/BSP/STM32F4xx_Nucleo_144" -I"/mnt/Disco_D/UBA_CESE/CURSOS/03_PdM/GitHub_Cods/PdM_workspace/Practica05_f429/Drivers/Core/Inc" -I"/mnt/Disco_D/UBA_CESE/CURSOS/03_PdM/GitHub_Cods/PdM_workspace/Practica05_f429/Drivers/API/Inc" -O0 -ffunction-sections -fdata-sections -Wall -fstack-usage -MMD -MP -MF"Drivers/API/Src/API_uart.d" -MT"Drivers/API/Src/API_uart.o" --specs=nano.specs -mfpu=fpv4-sp-d16 -mfloat-abi=hard -mthumb -o "Drivers/API/Src/API_uart.o"
arm-none-eabi-gcc -o "Practica05_f429.elf" @"objects.list"   -mcpu=cortex-m4 -T"/mnt/Disco_D/UBA_CESE/CURSOS/03_PdM/GitHub_Cods/PdM_workspace/Practica05_f429/STM32F429ZITX_FLASH.ld" --specs=nosys.specs -Wl,-Map="Practica05_f429.map" -Wl,--gc-sections -static --specs=nano.specs -mfpu=fpv4-sp-d16 -mfloat-abi=hard -mthumb -Wl,--start-group -lc -lm -Wl,--end-group
Finished building target: Practica05_f429.elf
 
arm-none-eabi-size   Practica05_f429.elf 
arm-none-eabi-objdump -h -S  Practica05_f429.elf  > "Practica05_f429.list"
   text	   data	    bss	    dec	    hex	filename
   9892	     52	   1676	  11620	   2d64	Practica05_f429.elf
Finished building: default.size.stdout
 
Finished building: Practica05_f429.list
 

21:06:34 Build Finished. 0 errors, 0 warnings. (took 5s.21ms)

