10:32:28 **** Incremental Build of configuration Debug for project Practica04.1_f767 ****
make -j4 all 
arm-none-eabi-gcc "../Src/main.c" -mcpu=cortex-m7 -std=gnu11 -g3 -DDEBUG -DUSE_HAL_DRIVER -DSTM32F767xx -c -I../Inc -I../Drivers/STM32F7xx_HAL_Driver/Inc -I../Drivers/STM32F7xx_HAL_Driver/Inc/Legacy -I../Drivers/CMSIS/Device/ST/STM32F7xx/Include -I../Drivers/CMSIS/Include -I"/mnt/Disco_D/UBA_CESE/CURSOS/03_PdM/GitHub_Cods/PdM_workspace/Practica04.1_f767/Drivers/BSP/STM32F7xx_Nucleo_144" -I"/mnt/Disco_D/UBA_CESE/CURSOS/03_PdM/GitHub_Cods/PdM_workspace/Practica04.1_f767/Drivers/API/Inc" -O0 -ffunction-sections -fdata-sections -Wall -fstack-usage -MMD -MP -MF"Src/main.d" -MT"Src/main.o" --specs=nano.specs -mfpu=fpv5-d16 -mfloat-abi=hard -mthumb -o "Src/main.o"
../Src/main.c: In function 'SystemClock_Config':
../Src/main.c:154:3: warning: implicit declaration of function 'Error_Handler' [-Wimplicit-function-declaration]
  154 |   Error_Handler();
      |   ^~~~~~~~~~~~~
../Src/main.c: At top level:
../Src/main.c:412:6: warning: conflicting types for 'Error_Handler'
  412 | void Error_Handler(void) {
      |      ^~~~~~~~~~~~~
../Src/main.c:154:3: note: previous implicit declaration of 'Error_Handler' was here
  154 |   Error_Handler();
      |   ^~~~~~~~~~~~~
../Src/main.c:260:13: warning: 'MX_USB_OTG_FS_PCD_Init' defined but not used [-Wunused-function]
  260 | static void MX_USB_OTG_FS_PCD_Init(void) {
      |             ^~~~~~~~~~~~~~~~~~~~~~
../Src/main.c:182:13: warning: 'MX_ETH_Init' defined but not used [-Wunused-function]
  182 | static void MX_ETH_Init(void) {
      |             ^~~~~~~~~~~
arm-none-eabi-gcc -o "Practica04.1_f767.elf" @"objects.list"   -mcpu=cortex-m7 -T"/mnt/Disco_D/UBA_CESE/CURSOS/03_PdM/GitHub_Cods/PdM_workspace/Practica04.1_f767/STM32F767ZITX_FLASH.ld" --specs=nosys.specs -Wl,-Map="Practica04.1_f767.map" -Wl,--gc-sections -static --specs=nano.specs -mfpu=fpv5-d16 -mfloat-abi=hard -mthumb -Wl,--start-group -lc -lm -Wl,--end-group
Finished building target: Practica04.1_f767.elf
 
arm-none-eabi-size   Practica04.1_f767.elf 
arm-none-eabi-objdump -h -S  Practica04.1_f767.elf  > "Practica04.1_f767.list"
   text	   data	    bss	    dec	    hex	filename
  12080	     36	   1716	  13832	   3608	Practica04.1_f767.elf
Finished building: default.size.stdout
 
Finished building: Practica04.1_f767.list
 

10:32:30 Build Finished. 0 errors, 4 warnings. (took 2s.159ms)

